=== articles n=750000 ===
loaded 750000 words (21791 unique, type/token 0.0291) from articles_pp.txt [lowercased]
hit rate: 584133 / 750000 tokens recognised (77.88%)
0 baseline                0.000      0.439      0.437    1.006     1.00x       1709.9
3 gpu-prefix              0.085      0.155      0.154    1.009     2.84x       4850.5
4 gpu-partition           0.311      0.198      0.197    1.009     2.22x       3794.9
6 sort+compact            1.006      0.058      0.058    1.024     7.51x      12849.5
6b sort-2B+compact        0.817      0.112      0.111    1.009     3.92x       6699.0
=== fiction n=750000 ===
loaded 750000 words (122228 unique, type/token 0.1630) from fiction_pp.txt [lowercased]
hit rate: 710256 / 750000 tokens recognised (94.70%)
0 baseline                0.000      0.409      0.409    1.008     1.00x       1834.1
3 gpu-prefix              0.081      0.154      0.154    1.006     2.66x       4872.0
4 gpu-partition           0.294      0.190      0.189    1.009     2.15x       3937.8
6 sort+compact            0.843      0.066      0.066    1.010     6.21x      11384.8
6b sort-2B+compact        0.701      0.121      0.120    3.401     3.38x       6202.0
=== wiki n=750000 ===
loaded 750000 words (115601 unique, type/token 0.1541) from wiki_sample_50m.txt [lowercased]
hit rate: 628074 / 750000 tokens recognised (83.74%)
0 baseline                0.000      0.428      0.426    1.535     1.00x       1750.7
3 gpu-prefix              0.082      0.160      0.160    1.015     2.68x       4685.0
4 gpu-partition           0.269      0.207      0.206    1.007     2.07x       3619.3
6 sort+compact            0.973      0.068      0.068    1.024     6.28x      10988.0
6b sort-2B+compact        0.780      0.113      0.112    1.672     3.80x       6645.2
=== fiction n=5000000 ===
loaded 5000000 words (358056 unique, type/token 0.0716) from fiction_pp.txt [lowercased]
hit rate: 4740693 / 5000000 tokens recognised (94.81%)
0 baseline                0.000      2.753      2.745    1.035     1.00x       1815.9
3 gpu-prefix              0.857      1.417      1.411    1.005     1.94x       3529.7
4 gpu-partition           1.891      1.402      1.398    1.216     1.96x       3567.0
6 sort+compact            4.266      0.429      0.428    1.005     6.42x      11662.8
6b sort-2B+compact        2.834      0.755      0.754    1.003     3.65x       6619.3
=== wiki n=5000000 ===
loaded 5000000 words (425380 unique, type/token 0.0851) from wiki_sample_50m.txt [lowercased]
hit rate: 4248455 / 5000000 tokens recognised (84.97%)
0 baseline                0.000      2.694      2.687    1.123     1.00x       1856.1
3 gpu-prefix              0.871      1.391      1.388    1.130     1.94x       3593.8
4 gpu-partition           1.853      1.481      1.478    1.227     1.82x       3376.8
6 sort+compact            4.894      0.456      0.455    1.392     5.91x      10970.8
6b sort-2B+compact        3.519      0.694      0.693    1.351     3.88x       7201.8
=== fiction n=18000000 ===
loaded 18000000 words (656092 unique, type/token 0.0364) from fiction_pp.txt [lowercased]
hit rate: 17058879 / 18000000 tokens recognised (94.77%)
0 baseline                0.000     10.423      9.889    1.077     1.00x       1727.0
3 gpu-prefix              3.705      8.144      7.810    1.086     1.28x       2210.2
4 gpu-partition           6.906      6.058      5.828    1.073     1.72x       2971.1
6 sort+compact           19.378      2.925      2.916    1.119     3.56x       6154.1
6b sort-2B+compact       10.903      3.082      3.071    1.105     3.38x       5840.6
=== wiki n=18000000 ===
loaded 18000000 words (1054245 unique, type/token 0.0586) from wiki_sample_50m.txt [lowercased]
hit rate: 15341898 / 18000000 tokens recognised (85.23%)
0 baseline                0.000     10.257     10.246    1.001     1.00x       1754.9
3 gpu-prefix              3.779      8.009      7.777    1.103     1.28x       2247.6
4 gpu-partition           7.369      6.600      6.590    1.026     1.55x       2727.4
6 sort+compact           20.656      3.062      2.979    1.029     3.35x       5878.3
6b sort-2B+compact       12.394      2.854      2.851    1.002     3.59x       6307.2
done
